得意先名,化粧品,健食,合計,酵素,石鹸,パック,ローション,ビッグローション,エッセンス,セット3,ベスト4
得意先A,"27,500","41,000","68,500",7,1,,,,,2,
得意先B,"70,200","3,500","73,700",,,4,1,6,,2,
合計,"97,700","44,500","142,200",7,1,4,1,6,,4,
